AAAAAAAAAAAAAAAABBBBBBBBBBBBBBBCCCCCCCCCCCCCCCCCCCCCCCCCCCCCCCCCCCCDDDDDDDDDEGFFEEEEDDDDDDCCCCCCCCCBBBBBBBBBBBBBBBBBBBBBBBBBBBBBB
AAAAAAAAAAAAAAABBBBBBBBBBBBBCCCCCCCCCCCCCCCCCCCCCCCCCCCCCCCCCCCDDDDDDDDDDEEEFGIIGFFEEEDDDDDDDDCCCCCCCCCBBBBBBBBBBBBBBBBBBBBBBBBBB
AAAAAAAAAAAAABBBBBBBBBBBBCCCCCCCCCCCCCCCCCCCCCCCCCCCCCCCCCCDDDDDDDDDDDDEEEEFFFI KHGGGHGEDDDDDDDDDCCCCCCCCCBBBBBBBBBBBBBBBBBBBBBBB
AAAAAAAAAAAABBBBBBBBBBCCCCCCCCCCCCCCCCCCCCCCCCCCCCCCCCCCDDDDDDDDDDDDDDEEEEEFFGHIMTKLZOGFEEDDDDDDDDDCCCCCCCCCBBBBBBBBBBBBBBBBBBBBB
AAAAAAAAAAABBBBBBBBBCCCCCCCCCCCCCCCCCCCCCCCCCCCCCCCCCCDDDDDDDDDDDDDDEEEEEEFGGHHIKPPKIHGFFEEEDDDDDDDDDCCCCCCCCCCBBBBBBBBBBBBBBBBBB
AAAAAAAAAABBBBBBBBCCCCCCCCCCCCCCCCCCCCCCCCCCCCCCCCCDDDDDDDDDDDDDDDEEEEEEFFGHIJKS  X KHHGFEEEEEDDDDDDDDDCCCCCCCCCCBBBBBBBBBBBBBBBB
AAAAAAAAABBBBBBBCCCCCCCCCCCCCCCCCCCCCCCCCCCCCCCCCDDDDDDDDDDDDDDDEEEEEEFFGQPUVOTY   ZQL[MHFEEEEEEEDDDDDDDCCCCCCCCCCCBBBBBBBBBBBBBB
AAAAAAAABBBBBBCCCCCCCCCCCCCCCCCCCCCCCCCCCCCCCCDDDDDDDDDDDDDDDEEEEEFFFFFGGHJLZ         UKHGFFEEEEEEEEDDDDDCCCCCCCCCCCCBBBBBBBBBBBB
AAAAAAABBBBBCCCCCCCCCCCCCCCCCCCCCCCCCCCCCCCCDDDDDDDDDDDDDDEEEEFFFFFFGGGGHIKP           KHHGGFFFFEEEEEEDDDDDCCCCCCCCCCCBBBBBBBBBBB
AAAAAAABBBBCCCCCCCCCCCCCCCCCCCCCCCCCCCCCCCDDDDDDDDDDDDEEEEEFGGHIIHHHHHIIIJKMR        VMKJIHHHGFFFFFFGSGEDDDDCCCCCCCCCCCCBBBBBBBBB
AAAAAABBBCCCCCCCCCCCCCCCCCCCCCCCCCCCCCCDDDDDDDDDDDEEEEEEFFGHK   MKJIJO  N R  X      YUSR PLV LHHHGGHIOJGFEDDDCCCCCCCCCCCCBBBBBBBB
AAAAABBBCCCCCCCCCCCCCCCCCCCCCCCCCCCCCDDDDDDDDEEEEEEEEEFFFFGH O    TN S                       NKJKR LLQMNHEEDDDCCCCCCCCCCCCBBBBBBB
AAAAABBCCCCCCCCCCCCCCCCCCCCCCCCCCCDDDDDDEEEEEEEEEEEEFFFFFGHHIN                                 Q     UMWGEEEDDDCCCCCCCCCCCCBBBBBB
AAAABBCCCCCCCCCCCCCCCCCCCCCCCCCDDDDEEEEEEEEEEEEEEEFFFFFFGHIJKLOT                                     [JGFFEEEDDCCCCCCCCCCCCCBBBBB
AAAABCCCCCCCCCCCCCCCCCCCCCCDDDDEEEEEEEEEEEEEEEEFFFFFFGGHYV RQU                                     QMJHGGFEEEDDDCCCCCCCCCCCCCBBBB
AAABCCCCCCCCCCCCCCCCCDDDDDDDEEFJIHFFFFFFFFFFFFFFGGGGGGHIJN                                            JHHGFEEDDDDCCCCCCCCCCCCCBBB
AAABCCCCCCCCCCCDDDDDDDDDDEEEEFFHLKHHGGGGHHMJHGGGGGGHHHIKRR                                           UQ L HFEDDDDCCCCCCCCCCCCCCBB
AABCCCCCCCCDDDDDDDDDDDEEEEEEFFFHKQMRKNJIJLVS JJKIIIIIIJLR                                               YNHFEDDDDDCCCCCCCCCCCCCBB
AABCCCCCDDDDDDDDDDDDEEEEEEEFFGGHIJKOU  O O   PR LLJJJKL                                                OIHFFEDDDDDCCCCCCCCCCCCCCB
AACCCDDDDDDDDDDDDDEEEEEEEEEFGGGHIJMR              RMLMN                                                 NTFEEDDDDDDCCCCCCCCCCCCCB
AACCDDDDDDDDDDDDEEEEEEEEEFGGGHHKONSZ                QPR                                                NJGFEEDDDDDDCCCCCCCCCCCCCC
ABCDDDDDDDDDDDEEEEEFFFFFGIPJIIJKMQ                   VX                                                 HFFEEDDDDDDCCCCCCCCCCCCCC
ACDDDDDDDDDDEFFFFFFFGGGGHIKZOOPPS                                                                      HGFEEEDDDDDDCCCCCCCCCCCCCC
ADEEEEFFFGHIGGGGGGHHHHIJJLNY                                                                        TJHGFFEEEDDDDDDDCCCCCCCCCCCCC
A                                                                                                 PLJHGGFFEEEDDDDDDDCCCCCCCCCCCCC
ADEEEEFFFGHIGGGGGGHHHHIJJLNY                                                                        TJHGFFEEEDDDDDDDCCCCCCCCCCCCC
ACDDDDDDDDDDEFFFFFFFGGGGHIKZOOPPS                                                                      HGFEEEDDDDDDCCCCCCCCCCCCCC
ABCDDDDDDDDDDDEEEEEFFFFFGIPJIIJKMQ                   VX                                                 HFFEEDDDDDDCCCCCCCCCCCCCC
AACCDDDDDDDDDDDDEEEEEEEEEFGGGHHKONSZ                QPR                                                NJGFEEDDDDDDCCCCCCCCCCCCCC
AACCCDDDDDDDDDDDDDEEEEEEEEEFGGGHIJMR              RMLMN                                                 NTFEEDDDDDDCCCCCCCCCCCCCB
AABCCCCCDDDDDDDDDDDDEEEEEEEFFGGHIJKOU  O O   PR LLJJJKL                                                OIHFFEDDDDDCCCCCCCCCCCCCCB
AABCCCCCCCCDDDDDDDDDDDEEEEEEFFFHKQMRKNJIJLVS JJKIIIIIIJLR                                               YNHFEDDDDDCCCCCCCCCCCCCBB
AAABCCCCCCCCCCCDDDDDDDDDDEEEEFFHLKHHGGGGHHMJHGGGGGGHHHIKRR                                           UQ L HFEDDDDCCCCCCCCCCCCCCBB
AAABCCCCCCCCCCCCCCCCCDDDDDDDEEFJIHFFFFFFFFFFFFFFGGGGGGHIJN                                            JHHGFEEDDDDCCCCCCCCCCCCCBBB
AAAABCCCCCCCCCCCCCCCCCCCCCCDDDDEEEEEEEEEEEEEEEEFFFFFFGGHYV RQU                                     QMJHGGFEEEDDDCCCCCCCCCCCCCBBBB
AAAABBCCCCCCCCCCCCCCCCCCCCCCCCCDDDDEEEEEEEEEEEEEEEFFFFFFGHIJKLOT                                     [JGFFEEEDDCCCCCCCCCCCCCBBBBB
AAAAABBCCCCCCCCCCCCCCCCCCCCCCCCCCCDDDDDDEEEEEEEEEEEEFFFFFGHHIN                                 Q     UMWGEEEDDDCCCCCCCCCCCCBBBBBB
AAAAABBBCCCCCCCCCCCCCCCCCCCCCCCCCCCCCDDDDDDDDEEEEEEEEEFFFFGH O    TN S                       NKJKR LLQMNHEEDDDCCCCCCCCCCCCBBBBBBB
AAAAAABBBCCCCCCCCCCCCCCCCCCCCCCCCCCCCCCDDDDDDDDDDDEEEEEEFFGHK   MKJIJO  N R  X      YUSR PLV LHHHGGHIOJGFEDDDCCCCCCCCCCCCBBBBBBBB
AAAAAAABBBBCCCCCCCCCCCCCCCCCCCCCCCCCCCCCCCDDDDDDDDDDDDEEEEEFGGHIIHHHHHIIIJKMR        VMKJIHHHGFFFFFFGSGEDDDDCCCCCCCCCCCCBBBBBBBBB
AAAAAAABBBBBCCCCCCCCCCCCCCCCCCCCCCCCCCCCCCCCDDDDDDDDDDDDDDEEEEFFFFFFGGGGHIKP           KHHGGFFFFEEEEEEDDDDDCCCCCCCCCCCBBBBBBBBBBB
AAAAAAAABBBBBBCCCCCCCCCCCCCCCCCCCCCCCCCCCCCCCCDDDDDDDDDDDDDDDEEEEEFFFFFGGHJLZ         UKHGFFEEEEEEEEDDDDDCCCCCCCCCCCCBBBBBBBBBBBB
AAAAAAAAABBBBBBBCCCCCCCCCCCCCCCCCCCCCCCCCCCCCCCCCDDDDDDDDDDDDDDDEEEEEEFFGQPUVOTY   ZQL[MHFEEEEEEEDDDDDDDCCCCCCCCCCCBBBBBBBBBBBBBB
AAAAAAAAAABBBBBBBBCCCCCCCCCCCCCCCCCCCCCCCCCCCCCCCCCDDDDDDDDDDDDDDDEEEEEEFFGHIJKS  X KHHGFEEEEEDDDDDDDDDCCCCCCCCCCBBBBBBBBBBBBBBBB
AAAAAAAAAAABBBBBBBBBCCCCCCCCCCCCCCCCCCCCCCCCCCCCCCCCCCDDDDDDDDDDDDDDEEEEEEFGGHHIKPPKIHGFFEEEDDDDDDDDDCCCCCCCCCCBBBBBBBBBBBBBBBBBB
AAAAAAAAAAAABBBBBBBBBBCCCCCCCCCCCCCCCCCCCCCCCCCCCCCCCCCCDDDDDDDDDDDDDDEEEEEFFGHIMTKLZOGFEEDDDDDDDDDCCCCCCCCCBBBBBBBBBBBBBBBBBBBBB
AAAAAAAAAAAAABBBBBBBBBBBBCCCCCCCCCCCCCCCCCCCCCCCCCCCCCCCCCCDDDDDDDDDDDDEEEEFFFI KHGGGHGEDDDDDDDDDCCCCCCCCCBBBBBBBBBBBBBBBBBBBBBBB
AAAAAAAAAAAAAAABBBBBBBBBBBBBCCCCCCCCCCCCCCCCCCCCCCCCCCCCCCCCCCCDDDDDDDDDDEEEFGIIGFFEEEDDDDDDDDCCCCCCCCCBBBBBBBBBBBBBBBBBBBBBBBBBB
